---
source: tests/ui_snapshot.rs
expression: "frame(&app, 80, 12)"
---
" Diff   Files                                            main · uncommitted · ◉ "
"────────────────────────────────────────────────────────────────────────────────"
"┌ Changes  +0 −0  0/0 ─────────┐┌──────────────────────────────────────────────┐"
"│                              ││No uncommitted changes. Press `c` to compare a│"
"│                              ││                                              │"
"│                              ││                                              │"
"│                              ││                                              │"
"│                              ││                                              │"
"│                              ││                                              │"
"│                              ││                                              │"
"└──────────────────────────────┘└──────────────────────────────────────────────┘"
"j/k move  Tab focus  n/p file  ]/[ hunk  c compare  b ref  o context  Space revi"
