---
source: tests/ui_snapshot.rs
assertion_line: 1302
expression: "frame(&app, 70, 14)"
---
" Diff [1]   Repo [2]                           main · uncommitted · ◉ "
"──────────────────────────────────────────────────────────────────────"
"┌ Changes  +1 −1  0/1 ───────────┐┌──────────────────────────────────┐"
"│  M a.txt                       ││a.txt  +1 −1  [1/1]               │"
"│              ┌Compare against…──────────────────────┐              │"
"│              │ Uncommitted (vs HEAD)                │              │"
"│              │ Staged (index vs HEAD)               │              │"
"│              │ Branch / tag… (fuzzy search)         │              │"
"│              │ PR (current branch, via gh)          │              │"
"│              └──────────────────────────────────────┘              │"
"│                                ││                                  │"
"│                                ││                                  │"
"└────────────────────────────────┘└──────────────────────────────────┘"
"n/p file  ]/[ hunk  Space review  s split  / find  ? help             "
