---
source: tests/ui_snapshot.rs
expression: "frame(&app, 90, 14)"
---
" Diff   Files                                                      main · uncommitted · ◉ "
"──────────────────────────────────────────────────────────────────────────────────────────"
"┌Repo──────────────────────────────┐┌────────────────────────────────────────────────────┐"
"│▾ src/                            ││Select a file to view its contents.                 │"
"│    lib.rs                        ││                                                    │"
"│  README.md                       ││                                                    │"
"│                                  ││                                                    │"
"│                                  ││                                                    │"
"│                                  ││                                                    │"
"│                                  ││                                                    │"
"│                                  ││                                                    │"
"│                                  ││                                                    │"
"└──────────────────────────────────┘└────────────────────────────────────────────────────┘"
"Enter open  ←/→ fold  / search  1 diff  ? help                                            "
