---
source: tests/ui_snapshot.rs
expression: "frame(&app, 80, 12)"
---
"gdiff · main · uncommitted · 2 files  +2 −2                                     "
"┌Files (2)─────────────────────┐┌──────────────────────────────────────────────┐"
"│▾ src/app/                    ││src/app/mod.rs  +1 −1  [2/2]                  │"
"│  M mod.rs                    ││@@ -1,1 +1,1 @@                               │"
"│M README.md                   ││ 1    ▌ fn run() {}                           │"
"│                              ││    1 ▌ fn run() { go(); }                    │"
"│                              ││                                              │"
"│                              ││                                              │"
"│                              ││                                              │"
"│                              ││                                              │"
"└──────────────────────────────┘└──────────────────────────────────────────────┘"
"j/k move · Tab focus · n/p file · ]/[ hunk · ←/→ fold · s split · w word · q qui"
