---
source: tests/ui_snapshot.rs
expression: "frame(&app, 70, 14)"
---
"gdiff · main · uncommitted · 1 file  +1 −1 · 0/1 reviewed · ◉ watching"
"┌Files (1)─────────────────────┐┌────────────────────────────────────┐"
"│  M a.txt                     ││a.txt  +1 −1  [1/1]                 │"
"│                              ││@@ -1,1 +1,1 @@                     │"
"│              ┌Compare against…──────────────────────┐              │"
"│              │ Uncommitted (vs HEAD)                │              │"
"│              │ Staged (index vs HEAD)               │              │"
"│              │ PR (current branch, via gh)          │              │"
"│              └──────────────────────────────────────┘              │"
"│                              ││                                    │"
"│                              ││                                    │"
"│                              ││                                    │"
"└──────────────────────────────┘└────────────────────────────────────┘"
"Space review · c compare · s split · w word · r refresh · a auto · ? h"
