---
source: tests/ui_snapshot.rs
assertion_line: 417
expression: "frame(&app, 90, 14)"
---
" Diff [1]   Repo [2]                                               main · uncommitted · ◉ "
"──────────────────────────────────────────────────────────────────────────────────────────"
"┌Repo────────────────────────────┐┌──────────────────────────────────────────────────────┐"
"│ • ▾ src/                       ││Select a file to view its contents.                   │"
"│ M     lib.rs                   ││                                                      │"
"│     README.md                  ││                                                      │"
"│                                ││                                                      │"
"│                                ││                                                      │"
"│                                ││                                                      │"
"│                                ││                                                      │"
"│                                ││                                                      │"
"│                                ││                                                      │"
"└────────────────────────────────┘└──────────────────────────────────────────────────────┘"
"Enter open  h/l enter/exit  / find  f/F find repo  v/y copy  ? help                       "
