---
source: tests/ui_snapshot.rs
expression: "frame(&app, 70, 10)"
---
" Diff [1]   Files [2]   <repo>
"gdiff · main · uncommitted · 1 file  +1 −1 · 1/1 reviewed · ◉ watching"
"┌Files (1)─────────────────────┐┌────────────────────────────────────┐"
"│✓ M a.txt                     ││a.txt  +1 −1  [1/1]                 │"
"│                              ││@@ -1,1 +1,1 @@                     │"
"│                              ││ 1    ▌ x                           │"
"│                              ││    1 ▌ y                           │"
"│                              ││                                    │"
"└──────────────────────────────┘└────────────────────────────────────┘"
"j/k move  Tab focus  n/p file  ]/[ hunk  c compare  b ref  o context  "
