---
source: tests/ui_snapshot.rs
expression: "frame(&app, 70, 14)"
---
" Diff [1]   Repo [2]                    release-1.0 · uncommitted · ◉ "
"──┌Compare vs ref · 2 matches──────────────────────────────────────┐──"
"┌ │> log                                                           │─┐"
"│ │feature/login                                           (branch)│ │"
"│ │feature/logout                                          (branch)│ │"
"│ │                                                                │ │"
"│ │                                                                │ │"
"│ │                                                                │ │"
"│ │                                                                │ │"
"│ │                                                                │ │"
"│ │                                                                │ │"
"│ │                                                                │ │"
"└─└────────────────────────────────────────────────────────────────┘─┘"
"type to filter · ↑/↓ select · Enter compare · Esc close               "
