---
source: tests/ui_snapshot.rs
assertion_line: 112
expression: "frame(&app, 80, 14)"
---
" Diff [1]   Repo [2]                                     main · uncommitted · ◉ "
"────────────────────────────────────────────────────────────────────────────────"
"┌ Changes  +2 −2  0/2 ───────────┐┌────────────────────────────────────────────┐"
"│  M a.txt                       ││z.txt  +1 −1  [2/2]                         │"
"│  M z.txt                       ││ 1    - z                                   │"
"│                                ││    1 + z changed                           │"
"│                                ││                                            │"
"│                                ││                                            │"
"│                                ││                                            │"
"│                                ││                                            │"
"│                                ││                                            │"
"│                                ││                                            │"
"└────────────────────────────────┘└────────────────────────────────────────────┘"
"]/[ hunk  n/p file  Space review  s split  / find  c compare  ? help            "
