---
source: tests/ui_snapshot.rs
expression: "frame(&app, 80, 14)"
---
"gdiff · main · uncommitted · 2 files  +2 −2                                     "
"┌Files (2)───────────────────┐┌────────────────────────────────────────────────┐"
"│M a.txt                     ││z.txt  +1 −1  [2/2]                             │"
"│M z.txt                     ││@@ -1,1 +1,1 @@                                 │"
"│                            ││ 1    ▌ z                                       │"
"│                            ││    1 ▌ z changed                               │"
"│                            ││                                                │"
"│                            ││                                                │"
"│                            ││                                                │"
"│                            ││                                                │"
"│                            ││                                                │"
"│                            ││                                                │"
"└────────────────────────────┘└────────────────────────────────────────────────┘"
"j/k move · Tab focus · n/p file · ]/[ hunk · s split · q quit · ? help          "
