---
source: tests/ui_snapshot.rs
assertion_line: 339
expression: "frame(&app, 72, 20)"
---
" Diff ┌Keys──────────────────────────────────────────────────────┐d · ◉ "
"──────│ j / k, ↑ / ↓    move / scroll                            │──────"
"┌ Chan│ Tab             switch tree ↔ diff focus                 │─────┐"
"│ M   │ n / p           next / prev file                         │     │"
"│     │ ] / [           next / prev hunk                         │     │"
"│     │ g / G           top / bottom                             │     │"
"│     │ Ctrl-d / u      half-page down / up                      │     │"
"│     │ Enter           open file · expand fold                  │     │"
"│     │ h / l, ← / →    enter / exit file · collapse / expand dir│     │"
"│     │ s               unified / side-by-side                   │     │"
"│     │ w               word-level highlight                     │     │"
"│     │ o               context window 3→10→30→100               │     │"
"│     │ Space           mark reviewed                            │     │"
"│     │ c / b           compare · branch/tag picker              │     │"
"│     │ /               find across all files (n / N)            │     │"
"│     │ v / y           select lines / copy (Repo preview)       │     │"
"│     │ e               open in $EDITOR                          │     │"
"│     │ r / a           refresh · auto-refresh                   │     │"
"└─────│ 1 / 2           Diff / Files tab                         │─────┘"
"]/[ hu└──────────────────────────────────────────────────────────┘lp    "
