---
source: tests/ui_snapshot.rs
expression: "styled_frame(&app, 60, 10)"
---
 Diff   Files                        main · uncommitted · ◉ 
────────────────────────────────────────────────────────────
┌ Changes  +1 −1  0/1 ─────────┐┌──────────────────────────┐
│  M a.txt                     ││a.txt  +1 −1  [1/1]       │
│                              ││ 1    ▌ the quick brown f │
│                              ││    1 ▌ the quick red fox │
│                              ││                          │
│                              ││                          │
└──────────────────────────────┘└──────────────────────────┘
j/k move  Tab focus  n/p file  ]/[ hunk  c compare  b ref  o── backgrounds ──
............................................................
............................................................
............................................................
............................................................
.........................................ddddddddddDDDDDdd..
.........................................aaaaaaaaaaAAAaaaa..
............................................................
............................................................
............................................................
............................................................
