---
source: tests/ui_snapshot.rs
expression: "frame(&app, 80, 14)"
---
" Diff [1]   Files [2]   <repo>
"gdiff · main · uncommitted · 1 file  +3 −3 · 0/1 reviewed · ◉ watching          "
"┌Files (1)─────────────────────┐┌──────────────────────────────────────────────┐"
"│  M big.txt                   ││big.txt  +3 −3  [1/1]                         │"
"│                              ││@@ -17,7 +17,7 @@                            ││"
"│                              ││17 17   line17                               ││"
"│                              ││18 18   line18                               █│"
"│                              ││19 19   line19                               █│"
"│                              ││20    ▌ line20                               ││"
"│                              ││   20 ▌ LINE20                               ││"
"│                              ││21 21   line21                               ││"
"│                              ││22 22   line22                               ││"
"└──────────────────────────────┘└──────────────────────────────────────────────┘"
"j/k move  Tab focus  n/p file  ]/[ hunk  c compare  Space review  s split  / fin"
