---
source: tests/ui_snapshot.rs
expression: "frame(&app, 80, 14)"
---
" Diff [1]   Repo [2]                                     main · uncommitted · ◉ "
"────────────────────────────────────────────────────────────────────────────────"
"┌ Changes  +3 −3  0/1 ─────────┐┌──────────────────────────────────────────────┐"
"│  M big.txt                   ││big.txt  +3 −3  [1/1]                         │"
"│                              ││ 7  7   line7                                ││"
"│                              ││ 8  8   line8                                ││"
"│                              ││ ⋯ 8 unchanged lines · Enter to expand ⋯     █│"
"│                              ││17 17   line17                               █│"
"│                              ││18 18   line18                               ││"
"│                              ││19 19   line19                               ││"
"│                              ││20    - line20                               ││"
"│                              ││   20 + LINE20                               ││"
"└──────────────────────────────┘└──────────────────────────────────────────────┘"
"]/[ hunk  n/p file  Space review  s split  / find  c compare  ? help            "
