---
source: tests/ui_snapshot.rs
assertion_line: 224
expression: "frame(&app, 70, 10)"
---
" Diff [1]   Repo [2]                           main · uncommitted · ◉ "
"──────────────────────────────────────────────────────────────────────"
"┌ Changes  +1 −1  1/1 ───────────┐┌──────────────────────────────────┐"
"│✓ M a.txt                       ││a.txt  +1 −1  [1/1]               │"
"│                                ││ 1    - x                         │"
"│                                ││    1 + y                         │"
"│                                ││                                  │"
"│                                ││                                  │"
"└────────────────────────────────┘└──────────────────────────────────┘"
"n/p file  ]/[ hunk  Space review  s split  / find  ? help             "
