---
source: tests/ui_snapshot.rs
assertion_line: 199
expression: "frame(&app, 80, 12)"
---
" Diff [1]   Repo [2]                                     main · uncommitted · ◉ "
"────────────────────────────────────────────────────────────────────────────────"
"┌ Changes  +2 −2  0/2 ───────────┐┌────────────────────────────────────────────┐"
"│▾ src/app/                      ││src/app/mod.rs  +1 −1  [2/2]                │"
"│    M mod.rs                    ││ 1    - fn run() {}                         │"
"│  M README.md                   ││    1 + fn run() { go(); }                  │"
"│                                ││                                            │"
"│                                ││                                            │"
"│                                ││                                            │"
"│                                ││                                            │"
"└────────────────────────────────┘└────────────────────────────────────────────┘"
"]/[ hunk  n/p file  Space review  s split  / find  c compare  ? help            "
