---
source: tests/ui_snapshot.rs
assertion_line: 87
expression: "frame(&app, 80, 14)"
---
" Diff [1]   Repo [2]                                     main · uncommitted · ◉ "
"────────────────────────────────────────────────────────────────────────────────"
"┌ Changes  +1 −1  0/1 ───────────┐┌────────────────────────────────────────────┐"
"│▾ src/                          ││src/lib.rs  +1 −1  [1/1]                    │"
"│    M lib.rs                    ││ 1  1   fn one() {}                         │"
"│                                ││ 2    - fn two() {}                         │"
"│                                ││    2 + fn TWO() {}                         │"
"│                                ││ 3  3   fn three() {}                       │"
"│                                ││                                            │"
"│                                ││                                            │"
"│                                ││                                            │"
"│                                ││                                            │"
"└────────────────────────────────┘└────────────────────────────────────────────┘"
"n/p file  ]/[ hunk  Space review  s split  / find  ? help                       "
