---
source: tests/ui_snapshot.rs
assertion_line: 146
expression: "styled_frame(&app, 60, 10)"
---
 Diff [1]   Repo [2]                 main · uncommitted · ◉ 
────────────────────────────────────────────────────────────
┌ Changes  +1 −1  0/1 ───────────┐┌────────────────────────┐
│  M a.txt                       ││a.txt  +1 −1  [1/1]     │
│                                ││ 1    - the quick brown │
│                                ││         fox            │
│                                ││    1 + the quick red f │
│                                ││        ox              │
└────────────────────────────────┘└────────────────────────┘
]/[ hunk  n/p file  Space review  s split  / find  c compare
── backgrounds ──
............................................................
............................................................
............................................................
............................................................
...................................ddddddddddddddddddDDDDD..
...................................ddddddddddddddddddddddd..
...................................aaaaaaaaaaaaaaaaaaAAAaa..
...................................aaaaaaaaaaaaaaaaaaaaaaa..
............................................................
............................................................
